// Jest Snapshot v1, https://goo.gl/fbAQLP

exports[`keeps rules stable 1`] = `
{
  "env": {
    "browser": true,
    "es6": true,
    "jest": true,
    "jest/globals": true,
    "node": true,
  },
  "globals": {},
  "ignorePatterns": [],
  "noInlineConfig": undefined,
  "parser": null,
  "parserOptions": {
    "ecmaFeatures": {
      "jsx": true,
    },
    "ecmaVersion": "latest",
    "sourceType": "module",
  },
  "plugins": [
    "@stylistic",
    "switch-case",
    "gettext",
    "import",
    "jsdoc",
    "prettier",
    "jest-formatting",
    "jest",
    "jest-dom",
    "testing-library",
    "react",
    "jsx-a11y",
    "react-hooks",
  ],
  "reportUnusedDisableDirectives": true,
  "rules": {
    "@babel/object-curly-spacing": [
      "off",
    ],
    "@babel/semi": [
      "off",
    ],
    "@stylistic/padding-line-between-statements": [
      "warn",
      {
        "blankLine": "always",
        "next": "return",
        "prev": "*",
      },
      {
        "blankLine": "always",
        "next": [
          "block",
          "block-like",
          "class",
          "const",
          "let",
          "var",
          "interface",
        ],
        "prev": "*",
      },
      {
        "blankLine": "always",
        "next": "*",
        "prev": [
          "block",
          "block-like",
          "class",
          "const",
          "let",
          "var",
          "interface",
        ],
      },
      {
        "blankLine": "any",
        "next": [
          "const",
          "let",
          "var",
        ],
        "prev": [
          "const",
          "let",
          "var",
        ],
      },
      {
        "blankLine": "any",
        "next": [
          "case",
        ],
        "prev": [
          "case",
        ],
      },
      {
        "blankLine": "always",
        "next": "*",
        "prev": "directive",
      },
      {
        "blankLine": "any",
        "next": "directive",
        "prev": "directive",
      },
    ],
    "@stylistic/spaced-comment": [
      "warn",
      "always",
      {
        "block": {
          "balanced": true,
          "exceptions": [
            "-",
            "+",
          ],
          "markers": [
            "=",
            "!",
          ],
        },
        "line": {
          "exceptions": [
            "-",
            "+",
          ],
          "markers": [
            "=",
            "!",
          ],
        },
      },
    ],
    "@typescript-eslint/block-spacing": [
      "off",
    ],
    "@typescript-eslint/brace-style": [
      "off",
    ],
    "@typescript-eslint/comma-dangle": [
      "off",
    ],
    "@typescript-eslint/comma-spacing": [
      "off",
    ],
    "@typescript-eslint/func-call-spacing": [
      "off",
    ],
    "@typescript-eslint/indent": [
      "off",
    ],
    "@typescript-eslint/key-spacing": [
      "off",
    ],
    "@typescript-eslint/keyword-spacing": [
      "off",
    ],
    "@typescript-eslint/lines-around-comment": [
      0,
    ],
    "@typescript-eslint/member-delimiter-style": [
      "off",
    ],
    "@typescript-eslint/no-extra-parens": [
      "off",
    ],
    "@typescript-eslint/no-extra-semi": [
      "off",
    ],
    "@typescript-eslint/object-curly-spacing": [
      "off",
    ],
    "@typescript-eslint/quotes": [
      0,
    ],
    "@typescript-eslint/semi": [
      "off",
    ],
    "@typescript-eslint/space-before-blocks": [
      "off",
    ],
    "@typescript-eslint/space-before-function-paren": [
      "off",
    ],
    "@typescript-eslint/space-infix-ops": [
      "off",
    ],
    "@typescript-eslint/type-annotation-spacing": [
      "off",
    ],
    "array-bracket-newline": [
      "off",
    ],
    "array-bracket-spacing": [
      "off",
    ],
    "array-callback-return": [
      "error",
    ],
    "array-element-newline": [
      "off",
    ],
    "arrow-body-style": [
      "off",
      "as-needed",
      {
        "requireReturnForObjectLiteral": false,
      },
    ],
    "arrow-parens": [
      "off",
    ],
    "arrow-spacing": [
      "off",
    ],
    "babel/object-curly-spacing": [
      "off",
    ],
    "babel/quotes": [
      0,
    ],
    "babel/semi": [
      "off",
    ],
    "block-scoped-var": [
      "error",
    ],
    "block-spacing": [
      "off",
    ],
    "brace-style": [
      "off",
    ],
    "camelcase": [
      "error",
      {
        "ignoreDestructuring": false,
        "ignoreGlobals": false,
        "ignoreImports": false,
        "properties": "never",
      },
    ],
    "comma-dangle": [
      "off",
    ],
    "comma-spacing": [
      "off",
    ],
    "comma-style": [
      "off",
    ],
    "complexity": [
      "error",
    ],
    "computed-property-spacing": [
      "off",
    ],
    "consistent-return": [
      "error",
    ],
    "constructor-super": [
      "error",
    ],
    "curly": [
      "error",
      "all",
    ],
    "default-case": [
      "error",
    ],
    "default-param-last": [
      "error",
    ],
    "dot-location": [
      "off",
    ],
    "dot-notation": [
      "error",
      {
        "allowKeywords": true,
        "allowPattern": "",
      },
    ],
    "eol-last": [
      "off",
    ],
    "eqeqeq": [
      "error",
      "smart",
    ],
    "flowtype/boolean-style": [
      "off",
    ],
    "flowtype/delimiter-dangle": [
      "off",
    ],
    "flowtype/generic-spacing": [
      "off",
    ],
    "flowtype/object-type-curly-spacing": [
      "off",
    ],
    "flowtype/object-type-delimiter": [
      "off",
    ],
    "flowtype/quotes": [
      "off",
    ],
    "flowtype/semi": [
      "off",
    ],
    "flowtype/space-after-type-colon": [
      "off",
    ],
    "flowtype/space-before-generic-bracket": [
      "off",
    ],
    "flowtype/space-before-type-colon": [
      "off",
    ],
    "flowtype/union-intersection-spacing": [
      "off",
    ],
    "for-direction": [
      "error",
    ],
    "func-call-spacing": [
      "off",
    ],
    "func-names": [
      "error",
    ],
    "function-call-argument-newline": [
      "off",
    ],
    "function-paren-newline": [
      "off",
    ],
    "generator-star": [
      "off",
    ],
    "generator-star-spacing": [
      "off",
    ],
    "getter-return": [
      "error",
      {
        "allowImplicit": true,
      },
    ],
    "gettext/no-variable-string": [
      "error",
    ],
    "guard-for-in": [
      "error",
    ],
    "implicit-arrow-linebreak": [
      "off",
    ],
    "import/default": [
      "off",
    ],
    "import/dynamic-import-chunkname": [
      "error",
    ],
    "import/export": [
      2,
    ],
    "import/extensions": [
      "error",
      {
        "js": "never",
        "json": "always",
        "jsx": "never",
        "ts": "never",
        "tsx": "never",
      },
    ],
    "import/named": [
      2,
    ],
    "import/namespace": [
      2,
    ],
    "import/newline-after-import": [
      "warn",
    ],
    "import/no-absolute-path": [
      "error",
    ],
    "import/no-amd": [
      "error",
    ],
    "import/no-duplicates": [
      "warn",
      {
        "prefer-inline": true,
      },
    ],
    "import/no-dynamic-require": [
      "error",
    ],
    "import/no-extraneous-dependencies": [
      "error",
      {
        "devDependencies": true,
        "optionalDependencies": false,
      },
    ],
    "import/no-mutable-exports": [
      "error",
    ],
    "import/no-named-as-default": [
      1,
    ],
    "import/no-named-as-default-member": [
      1,
    ],
    "import/no-named-default": [
      "error",
    ],
    "import/no-unresolved": [
      "error",
      {
        "caseSensitive": true,
        "caseSensitiveStrict": false,
        "commonjs": true,
      },
    ],
    "import/no-webpack-loader-syntax": [
      "error",
    ],
    "import/order": [
      "warn",
      {
        "alphabetize": {
          "caseInsensitive": true,
          "order": "asc",
          "orderImportKind": "ignore",
        },
        "distinctGroup": true,
        "groups": [
          [
            "builtin",
            "external",
          ],
          "internal",
          "parent",
          "sibling",
          "index",
        ],
        "named": false,
        "newlines-between": "always",
        "warnOnUnassignedImports": false,
      },
    ],
    "indent": [
      "off",
    ],
    "indent-legacy": [
      "off",
    ],
    "jest-dom/prefer-checked": [
      "error",
    ],
    "jest-dom/prefer-empty": [
      "error",
    ],
    "jest-dom/prefer-enabled-disabled": [
      "error",
    ],
    "jest-dom/prefer-focus": [
      "error",
    ],
    "jest-dom/prefer-in-document": [
      "error",
    ],
    "jest-dom/prefer-required": [
      "error",
    ],
    "jest-dom/prefer-to-have-attribute": [
      "error",
    ],
    "jest-dom/prefer-to-have-class": [
      "error",
    ],
    "jest-dom/prefer-to-have-style": [
      "error",
    ],
    "jest-dom/prefer-to-have-text-content": [
      "error",
    ],
    "jest-dom/prefer-to-have-value": [
      "error",
    ],
    "jest-formatting/padding-around-all": [
      "warn",
    ],
    "jest/expect-expect": [
      "warn",
    ],
    "jest/no-alias-methods": [
      "warn",
    ],
    "jest/no-commented-out-tests": [
      "warn",
    ],
    "jest/no-conditional-expect": [
      "error",
    ],
    "jest/no-conditional-in-test": [
      "error",
    ],
    "jest/no-deprecated-functions": [
      "error",
    ],
    "jest/no-disabled-tests": [
      "warn",
    ],
    "jest/no-done-callback": [
      "off",
    ],
    "jest/no-duplicate-hooks": [
      "off",
    ],
    "jest/no-export": [
      "error",
    ],
    "jest/no-focused-tests": [
      "error",
    ],
    "jest/no-identical-title": [
      "error",
    ],
    "jest/no-interpolation-in-snapshots": [
      "error",
    ],
    "jest/no-jasmine-globals": [
      "error",
    ],
    "jest/no-mocks-import": [
      "error",
    ],
    "jest/no-restricted-matchers": [
      "error",
      {
        "toBeFalsy": "Avoid \`toBeFalsy\`, use \`toBe(false)\` instead.",
        "toBeTruthy": "Avoid \`toBeTruthy\`, use \`toBe(true)\` instead.",
      },
    ],
    "jest/no-standalone-expect": [
      "error",
    ],
    "jest/no-test-prefixes": [
      "error",
    ],
    "jest/no-test-return-statement": [
      "error",
    ],
    "jest/prefer-hooks-on-top": [
      "error",
    ],
    "jest/prefer-to-be": [
      "error",
    ],
    "jest/prefer-to-contain": [
      "error",
    ],
    "jest/prefer-to-have-length": [
      "error",
    ],
    "jest/prefer-todo": [
      "error",
    ],
    "jest/valid-describe-callback": [
      "error",
    ],
    "jest/valid-expect": [
      "error",
    ],
    "jest/valid-expect-in-promise": [
      "error",
    ],
    "jest/valid-title": [
      "error",
    ],
    "jsdoc/check-alignment": [
      "error",
    ],
    "jsdoc/check-param-names": [
      "error",
    ],
    "jsdoc/check-syntax": [
      "error",
    ],
    "jsdoc/check-tag-names": [
      "error",
    ],
    "jsdoc/implements-on-classes": [
      "error",
    ],
    "jsdoc/require-param-name": [
      "error",
    ],
    "jsdoc/require-param-type": [
      "error",
    ],
    "jsdoc/require-returns-check": [
      "error",
    ],
    "jsdoc/require-returns-type": [
      "error",
    ],
    "jsx-a11y/alt-text": [
      "error",
    ],
    "jsx-a11y/anchor-ambiguous-text": [
      "off",
    ],
    "jsx-a11y/anchor-has-content": [
      "error",
    ],
    "jsx-a11y/anchor-is-valid": [
      "error",
    ],
    "jsx-a11y/aria-activedescendant-has-tabindex": [
      "error",
    ],
    "jsx-a11y/aria-props": [
      "error",
    ],
    "jsx-a11y/aria-proptypes": [
      "error",
    ],
    "jsx-a11y/aria-role": [
      "error",
    ],
    "jsx-a11y/aria-unsupported-elements": [
      "error",
    ],
    "jsx-a11y/autocomplete-valid": [
      "error",
    ],
    "jsx-a11y/click-events-have-key-events": [
      "error",
    ],
    "jsx-a11y/control-has-associated-label": [
      "off",
      {
        "ignoreElements": [
          "audio",
          "canvas",
          "embed",
          "input",
          "textarea",
          "tr",
          "video",
        ],
        "ignoreRoles": [
          "grid",
          "listbox",
          "menu",
          "menubar",
          "radiogroup",
          "row",
          "tablist",
          "toolbar",
          "tree",
          "treegrid",
        ],
        "includeRoles": [
          "alert",
          "dialog",
        ],
      },
    ],
    "jsx-a11y/heading-has-content": [
      "error",
    ],
    "jsx-a11y/html-has-lang": [
      "error",
    ],
    "jsx-a11y/iframe-has-title": [
      "error",
    ],
    "jsx-a11y/img-redundant-alt": [
      "error",
    ],
    "jsx-a11y/interactive-supports-focus": [
      "error",
      {
        "tabbable": [
          "button",
          "checkbox",
          "link",
          "searchbox",
          "spinbutton",
          "switch",
          "textbox",
        ],
      },
    ],
    "jsx-a11y/label-has-associated-control": [
      "error",
    ],
    "jsx-a11y/label-has-for": [
      "off",
    ],
    "jsx-a11y/media-has-caption": [
      "error",
    ],
    "jsx-a11y/mouse-events-have-key-events": [
      "error",
    ],
    "jsx-a11y/no-access-key": [
      "error",
    ],
    "jsx-a11y/no-autofocus": [
      "error",
    ],
    "jsx-a11y/no-distracting-elements": [
      "error",
    ],
    "jsx-a11y/no-interactive-element-to-noninteractive-role": [
      "error",
      {
        "canvas": [
          "img",
        ],
        "tr": [
          "none",
          "presentation",
        ],
      },
    ],
    "jsx-a11y/no-noninteractive-element-interactions": [
      "error",
      {
        "alert": [
          "onKeyUp",
          "onKeyDown",
          "onKeyPress",
        ],
        "body": [
          "onError",
          "onLoad",
        ],
        "dialog": [
          "onKeyUp",
          "onKeyDown",
          "onKeyPress",
        ],
        "handlers": [
          "onClick",
          "onError",
          "onLoad",
          "onMouseDown",
          "onMouseUp",
          "onKeyPress",
          "onKeyDown",
          "onKeyUp",
        ],
        "iframe": [
          "onError",
          "onLoad",
        ],
        "img": [
          "onError",
          "onLoad",
        ],
      },
    ],
    "jsx-a11y/no-noninteractive-element-to-interactive-role": [
      "error",
      {
        "fieldset": [
          "radiogroup",
          "presentation",
        ],
        "li": [
          "menuitem",
          "menuitemradio",
          "menuitemcheckbox",
          "option",
          "row",
          "tab",
          "treeitem",
        ],
        "ol": [
          "listbox",
          "menu",
          "menubar",
          "radiogroup",
          "tablist",
          "tree",
          "treegrid",
        ],
        "table": [
          "grid",
        ],
        "td": [
          "gridcell",
        ],
        "ul": [
          "listbox",
          "menu",
          "menubar",
          "radiogroup",
          "tablist",
          "tree",
          "treegrid",
        ],
      },
    ],
    "jsx-a11y/no-noninteractive-tabindex": [
      "error",
      {
        "allowExpressionValues": true,
        "roles": [
          "tabpanel",
        ],
        "tags": [],
      },
    ],
    "jsx-a11y/no-onchange": [
      "off",
    ],
    "jsx-a11y/no-redundant-roles": [
      "error",
    ],
    "jsx-a11y/no-static-element-interactions": [
      "error",
      {
        "allowExpressionValues": true,
        "handlers": [
          "onClick",
          "onMouseDown",
          "onMouseUp",
          "onKeyPress",
          "onKeyDown",
          "onKeyUp",
        ],
      },
    ],
    "jsx-a11y/role-has-required-aria-props": [
      "error",
    ],
    "jsx-a11y/role-supports-aria-props": [
      "error",
    ],
    "jsx-a11y/scope": [
      "error",
    ],
    "jsx-a11y/tabindex-no-positive": [
      "error",
    ],
    "jsx-quotes": [
      "off",
    ],
    "key-spacing": [
      "off",
    ],
    "keyword-spacing": [
      "off",
    ],
    "linebreak-style": [
      "off",
    ],
    "lines-around-comment": [
      0,
    ],
    "max-classes-per-file": [
      "error",
      1,
    ],
    "max-len": [
      0,
    ],
    "max-statements-per-line": [
      "off",
    ],
    "multiline-ternary": [
      "off",
    ],
    "new-cap": [
      "error",
      {
        "capIsNew": false,
        "capIsNewExceptions": [
          "Immutable.Map",
          "Immutable.Set",
          "Immutable.List",
        ],
        "newIsCap": true,
        "newIsCapExceptions": [],
        "properties": true,
      },
    ],
    "new-parens": [
      "off",
    ],
    "newline-per-chained-call": [
      "off",
    ],
    "no-alert": [
      "warn",
    ],
    "no-array-constructor": [
      "error",
    ],
    "no-arrow-condition": [
      "off",
    ],
    "no-async-promise-executor": [
      "error",
    ],
    "no-await-in-loop": [
      "error",
    ],
    "no-bitwise": [
      "error",
    ],
    "no-caller": [
      "error",
    ],
    "no-case-declarations": [
      "error",
    ],
    "no-class-assign": [
      "error",
    ],
    "no-comma-dangle": [
      "off",
    ],
    "no-compare-neg-zero": [
      "error",
    ],
    "no-cond-assign": [
      "error",
      "always",
    ],
    "no-confusing-arrow": [
      0,
    ],
    "no-console": [
      "warn",
    ],
    "no-const-assign": [
      "error",
    ],
    "no-constant-condition": [
      "warn",
    ],
    "no-continue": [
      "error",
    ],
    "no-control-regex": [
      "error",
    ],
    "no-debugger": [
      "error",
    ],
    "no-delete-var": [
      "error",
    ],
    "no-dupe-args": [
      "error",
    ],
    "no-dupe-class-members": [
      "error",
    ],
    "no-dupe-else-if": [
      "error",
    ],
    "no-dupe-keys": [
      "error",
    ],
    "no-duplicate-case": [
      "error",
    ],
    "no-duplicate-imports": [
      "error",
    ],
    "no-else-return": [
      "error",
      {
        "allowElseIf": true,
      },
    ],
    "no-empty": [
      "error",
    ],
    "no-empty-character-class": [
      "error",
    ],
    "no-empty-function": [
      "error",
      {
        "allow": [
          "arrowFunctions",
          "functions",
          "methods",
        ],
      },
    ],
    "no-empty-pattern": [
      "error",
    ],
    "no-eval": [
      "error",
    ],
    "no-ex-assign": [
      "error",
    ],
    "no-extend-native": [
      "error",
    ],
    "no-extra-bind": [
      "error",
    ],
    "no-extra-boolean-cast": [
      "error",
    ],
    "no-extra-label": [
      "error",
    ],
    "no-extra-parens": [
      "off",
    ],
    "no-extra-semi": [
      "off",
    ],
    "no-fallthrough": [
      "error",
    ],
    "no-floating-decimal": [
      "off",
    ],
    "no-func-assign": [
      "error",
    ],
    "no-global-assign": [
      "error",
    ],
    "no-implied-eval": [
      "error",
    ],
    "no-import-assign": [
      "error",
    ],
    "no-inner-declarations": [
      "error",
    ],
    "no-invalid-regexp": [
      "error",
    ],
    "no-irregular-whitespace": [
      "error",
    ],
    "no-iterator": [
      "error",
    ],
    "no-label-var": [
      "error",
    ],
    "no-labels": [
      "error",
      {
        "allowLoop": false,
        "allowSwitch": false,
      },
    ],
    "no-lone-blocks": [
      "error",
    ],
    "no-lonely-if": [
      "error",
    ],
    "no-loop-func": [
      "error",
    ],
    "no-loss-of-precision": [
      "error",
    ],
    "no-misleading-character-class": [
      "error",
    ],
    "no-mixed-operators": [
      0,
    ],
    "no-mixed-spaces-and-tabs": [
      "off",
    ],
    "no-multi-assign": [
      "error",
    ],
    "no-multi-spaces": [
      "off",
    ],
    "no-multi-str": [
      "error",
    ],
    "no-multiple-empty-lines": [
      "off",
    ],
    "no-nested-ternary": [
      "error",
    ],
    "no-new": [
      "error",
    ],
    "no-new-func": [
      "error",
    ],
    "no-new-symbol": [
      "error",
    ],
    "no-new-wrappers": [
      "error",
    ],
    "no-nonoctal-decimal-escape": [
      "error",
    ],
    "no-obj-calls": [
      "error",
    ],
    "no-object-constructor": [
      "error",
    ],
    "no-octal": [
      "error",
    ],
    "no-octal-escape": [
      "error",
    ],
    "no-param-reassign": [
      "error",
      {
        "props": false,
      },
    ],
    "no-plusplus": [
      "error",
    ],
    "no-proto": [
      "error",
    ],
    "no-prototype-builtins": [
      "off",
    ],
    "no-redeclare": [
      "error",
    ],
    "no-regex-spaces": [
      "error",
    ],
    "no-reserved-keys": [
      "off",
    ],
    "no-restricted-globals": [
      "error",
      "isFinite",
      "isNaN",
      "addEventListener",
      "blur",
      "close",
      "closed",
      "confirm",
      "defaultStatus",
      "event",
      "external",
      "defaultstatus",
      "find",
      "focus",
      "frameElement",
      "frames",
      "history",
      "innerHeight",
      "innerWidth",
      "length",
      "location",
      "locationbar",
      "menubar",
      "moveBy",
      "moveTo",
      "name",
      "onblur",
      "onerror",
      "onfocus",
      "onload",
      "onresize",
      "onunload",
      "open",
      "opener",
      "opera",
      "outerHeight",
      "outerWidth",
      "pageXOffset",
      "pageYOffset",
      "parent",
      "print",
      "removeEventListener",
      "resizeBy",
      "resizeTo",
      "screen",
      "screenLeft",
      "screenTop",
      "screenX",
      "screenY",
      "scroll",
      "scrollbars",
      "scrollBy",
      "scrollTo",
      "scrollX",
      "scrollY",
      "self",
      "status",
      "statusbar",
      "stop",
      "toolbar",
      "top",
    ],
    "no-restricted-imports": [
      "error",
    ],
    "no-restricted-properties": [
      "error",
      {
        "message": "arguments.callee is deprecated",
        "object": "arguments",
        "property": "callee",
      },
      {
        "message": "Please use Number.isFinite instead",
        "object": "global",
        "property": "isFinite",
      },
      {
        "message": "Please use Number.isFinite instead",
        "object": "self",
        "property": "isFinite",
      },
      {
        "message": "Please use Number.isFinite instead",
        "object": "window",
        "property": "isFinite",
      },
      {
        "message": "Please use Number.isNaN instead",
        "object": "global",
        "property": "isNaN",
      },
      {
        "message": "Please use Number.isNaN instead",
        "object": "self",
        "property": "isNaN",
      },
      {
        "message": "Please use Number.isNaN instead",
        "object": "window",
        "property": "isNaN",
      },
      {
        "message": "Please use Object.defineProperty instead.",
        "property": "__defineGetter__",
      },
      {
        "message": "Please use Object.defineProperty instead.",
        "property": "__defineSetter__",
      },
      {
        "message": "Use the exponentiation operator (**) instead.",
        "object": "Math",
        "property": "pow",
      },
    ],
    "no-restricted-syntax": [
      "error",
      {
        "message": "for..in loops iterate over the entire prototype chain, which is virtually never what you want. Use Object.{keys,values,entries}, and iterate over the resulting array.",
        "selector": "ForInStatement",
      },
      {
        "message": "iterators/generators require regenerator-runtime, which is too heavyweight for this guide to allow them. Separately, loops should be avoided in favor of array iterations.",
        "selector": "ForOfStatement",
      },
      {
        "message": "Labels are a form of GOTO; using them makes code confusing and hard to maintain and understand.",
        "selector": "LabeledStatement",
      },
      {
        "message": "\`with\` is disallowed in strict mode because it makes code impossible to predict and optimize.",
        "selector": "WithStatement",
      },
      {
        "message": "Property setters are not allowed",
        "selector": "MethodDefinition[kind="set"]",
      },
      {
        "message": "Property getters are not allowed",
        "selector": "MethodDefinition[kind="get"]",
      },
    ],
    "no-return-assign": [
      "error",
      "except-parens",
    ],
    "no-script-url": [
      "error",
    ],
    "no-self-assign": [
      "error",
    ],
    "no-self-compare": [
      "error",
    ],
    "no-sequences": [
      "error",
    ],
    "no-setter-return": [
      "error",
    ],
    "no-shadow": [
      "error",
      {
        "builtinGlobals": false,
        "hoist": "all",
        "ignoreOnInitialization": false,
      },
    ],
    "no-shadow-restricted-names": [
      "error",
    ],
    "no-space-before-semi": [
      "off",
    ],
    "no-spaced-func": [
      "off",
    ],
    "no-sparse-arrays": [
      "error",
    ],
    "no-tabs": [
      0,
    ],
    "no-template-curly-in-string": [
      "error",
    ],
    "no-this-before-super": [
      "error",
    ],
    "no-trailing-spaces": [
      "off",
    ],
    "no-undef": [
      "error",
    ],
    "no-undef-init": [
      "error",
    ],
    "no-underscore-dangle": [
      "error",
      {
        "allowAfterSuper": true,
        "allowAfterThis": true,
        "allowAfterThisConstructor": false,
        "allowFunctionParams": true,
        "allowInArrayDestructuring": true,
        "allowInObjectDestructuring": true,
        "enforceInClassFields": false,
        "enforceInMethodNames": false,
      },
    ],
    "no-unexpected-multiline": [
      0,
    ],
    "no-unneeded-ternary": [
      "error",
      {
        "defaultAssignment": false,
      },
    ],
    "no-unreachable": [
      "error",
    ],
    "no-unsafe-finally": [
      "error",
    ],
    "no-unsafe-negation": [
      "error",
    ],
    "no-unsafe-optional-chaining": [
      "error",
    ],
    "no-unused-expressions": [
      "error",
    ],
    "no-unused-labels": [
      "error",
    ],
    "no-unused-vars": [
      "error",
      {
        "args": "after-used",
        "ignoreRestSiblings": true,
        "vars": "all",
      },
    ],
    "no-use-before-define": [
      "error",
      "nofunc",
    ],
    "no-useless-backreference": [
      "error",
    ],
    "no-useless-catch": [
      "error",
    ],
    "no-useless-computed-key": [
      "error",
    ],
    "no-useless-concat": [
      "error",
    ],
    "no-useless-constructor": [
      "error",
    ],
    "no-useless-escape": [
      "error",
    ],
    "no-useless-rename": [
      "error",
      {
        "ignoreDestructuring": false,
        "ignoreExport": false,
        "ignoreImport": false,
      },
    ],
    "no-useless-return": [
      "error",
    ],
    "no-var": [
      "error",
    ],
    "no-void": [
      "error",
      {
        "allowAsStatement": true,
      },
    ],
    "no-whitespace-before-property": [
      "off",
    ],
    "no-with": [
      "error",
    ],
    "no-wrap-func": [
      "off",
    ],
    "nonblock-statement-body-position": [
      "off",
    ],
    "object-curly-newline": [
      "off",
    ],
    "object-curly-spacing": [
      "off",
    ],
    "object-property-newline": [
      "off",
    ],
    "object-shorthand": [
      "error",
      "always",
      {
        "avoidQuotes": true,
        "ignoreConstructors": false,
      },
    ],
    "one-var": [
      "error",
      "never",
    ],
    "one-var-declaration-per-line": [
      "off",
    ],
    "operator-assignment": [
      "error",
      "always",
    ],
    "operator-linebreak": [
      "off",
    ],
    "padded-blocks": [
      "off",
    ],
    "prefer-arrow-callback": [
      "off",
      {
        "allowNamedFunctions": false,
        "allowUnboundThis": true,
      },
    ],
    "prefer-const": [
      "error",
      {
        "destructuring": "any",
        "ignoreReadBeforeAssign": true,
      },
    ],
    "prefer-numeric-literals": [
      "error",
    ],
    "prefer-rest-params": [
      "error",
    ],
    "prefer-template": [
      "error",
    ],
    "prettier/prettier": [
      "warn",
      {
        "printWidth": 100,
        "singleQuote": true,
        "trailingComma": "all",
      },
      {
        "usePrettierrc": false,
      },
    ],
    "quote-props": [
      "off",
    ],
    "quotes": [
      0,
    ],
    "radix": [
      "error",
    ],
    "react-hooks/exhaustive-deps": [
      "error",
    ],
    "react-hooks/rules-of-hooks": [
      "error",
    ],
    "react/destructuring-assignment": [
      "error",
    ],
    "react/display-name": [
      "off",
    ],
    "react/jsx-child-element-spacing": [
      "off",
    ],
    "react/jsx-closing-bracket-location": [
      "off",
    ],
    "react/jsx-closing-tag-location": [
      "off",
    ],
    "react/jsx-curly-brace-presence": [
      "error",
      {
        "children": "never",
        "propElementValues": "always",
        "props": "never",
      },
    ],
    "react/jsx-curly-newline": [
      "off",
    ],
    "react/jsx-curly-spacing": [
      "off",
    ],
    "react/jsx-equals-spacing": [
      "off",
    ],
    "react/jsx-first-prop-new-line": [
      "off",
    ],
    "react/jsx-fragments": [
      "error",
      "syntax",
    ],
    "react/jsx-indent": [
      "off",
    ],
    "react/jsx-indent-props": [
      "off",
    ],
    "react/jsx-key": [
      2,
    ],
    "react/jsx-max-props-per-line": [
      "off",
    ],
    "react/jsx-newline": [
      "off",
    ],
    "react/jsx-no-bind": [
      "error",
      {
        "allowArrowFunctions": true,
        "allowBind": false,
        "allowFunctions": false,
        "ignoreDOMComponents": false,
        "ignoreRefs": false,
      },
    ],
    "react/jsx-no-comment-textnodes": [
      2,
    ],
    "react/jsx-no-duplicate-props": [
      2,
    ],
    "react/jsx-no-target-blank": [
      2,
    ],
    "react/jsx-no-undef": [
      2,
    ],
    "react/jsx-no-useless-fragment": [
      "error",
    ],
    "react/jsx-one-expression-per-line": [
      "off",
    ],
    "react/jsx-pascal-case": [
      "error",
    ],
    "react/jsx-props-no-multi-spaces": [
      "off",
    ],
    "react/jsx-sort-props": [
      "warn",
    ],
    "react/jsx-space-before-closing": [
      "off",
    ],
    "react/jsx-tag-spacing": [
      "off",
    ],
    "react/jsx-uses-react": [
      2,
    ],
    "react/jsx-uses-vars": [
      2,
    ],
    "react/jsx-wrap-multilines": [
      "off",
    ],
    "react/no-children-prop": [
      2,
    ],
    "react/no-danger-with-children": [
      2,
    ],
    "react/no-deprecated": [
      2,
    ],
    "react/no-direct-mutation-state": [
      2,
    ],
    "react/no-find-dom-node": [
      2,
    ],
    "react/no-is-mounted": [
      2,
    ],
    "react/no-redundant-should-component-update": [
      "error",
    ],
    "react/no-render-return-value": [
      2,
    ],
    "react/no-string-refs": [
      2,
    ],
    "react/no-this-in-sfc": [
      "error",
    ],
    "react/no-unescaped-entities": [
      "error",
      {
        "forbid": [
          {
            "alternatives": [
              "&gt;",
            ],
            "char": ">",
          },
          {
            "alternatives": [
              "&#125;",
            ],
            "char": "}",
          },
        ],
      },
    ],
    "react/no-unknown-property": [
      2,
    ],
    "react/no-unsafe": [
      "error",
    ],
    "react/no-unused-state": [
      "error",
    ],
    "react/prefer-es6-class": [
      "error",
    ],
    "react/prefer-read-only-props": [
      "error",
    ],
    "react/prop-types": [
      "off",
    ],
    "react/react-in-jsx-scope": [
      2,
    ],
    "react/require-render-return": [
      2,
    ],
    "react/self-closing-comp": [
      "error",
    ],
    "react/style-prop-object": [
      "error",
    ],
    "require-yield": [
      "error",
    ],
    "rest-spread-spacing": [
      "off",
    ],
    "semi": [
      "off",
    ],
    "semi-spacing": [
      "off",
    ],
    "semi-style": [
      "off",
    ],
    "sort-imports": [
      "error",
      {
        "allowSeparatedGroups": false,
        "ignoreCase": true,
        "ignoreDeclarationSort": true,
        "ignoreMemberSort": false,
      },
    ],
    "space-after-function-name": [
      "off",
    ],
    "space-after-keywords": [
      "off",
    ],
    "space-before-blocks": [
      "off",
    ],
    "space-before-function-paren": [
      "off",
    ],
    "space-before-function-parentheses": [
      "off",
    ],
    "space-before-keywords": [
      "off",
    ],
    "space-in-brackets": [
      "off",
    ],
    "space-in-parens": [
      "off",
    ],
    "space-infix-ops": [
      "off",
    ],
    "space-return-throw-case": [
      "off",
    ],
    "space-unary-ops": [
      "off",
    ],
    "space-unary-word-ops": [
      "off",
    ],
    "standard/array-bracket-even-spacing": [
      "off",
    ],
    "standard/computed-property-even-spacing": [
      "off",
    ],
    "standard/object-curly-even-spacing": [
      "off",
    ],
    "strict": [
      "error",
    ],
    "switch-case/newline-between-switch-case": [
      "warn",
      "always",
      {
        "fallthrough": "never",
      },
    ],
    "switch-colon-spacing": [
      "off",
    ],
    "symbol-description": [
      "error",
    ],
    "template-curly-spacing": [
      "off",
    ],
    "template-tag-spacing": [
      "off",
    ],
    "testing-library/await-async-events": [
      "error",
      {
        "eventModule": "userEvent",
      },
    ],
    "testing-library/await-async-queries": [
      "error",
    ],
    "testing-library/await-async-utils": [
      "error",
    ],
    "testing-library/no-await-sync-events": [
      "error",
      {
        "eventModules": [
          "fire-event",
        ],
      },
    ],
    "testing-library/no-await-sync-queries": [
      "error",
    ],
    "testing-library/no-container": [
      "error",
    ],
    "testing-library/no-debugging-utils": [
      "warn",
    ],
    "testing-library/no-dom-import": [
      "error",
      "react",
    ],
    "testing-library/no-global-regexp-flag-in-query": [
      "error",
    ],
    "testing-library/no-manual-cleanup": [
      "error",
    ],
    "testing-library/no-node-access": [
      "error",
    ],
    "testing-library/no-promise-in-fire-event": [
      "error",
    ],
    "testing-library/no-render-in-lifecycle": [
      "off",
    ],
    "testing-library/no-unnecessary-act": [
      "error",
    ],
    "testing-library/no-wait-for-multiple-assertions": [
      "error",
    ],
    "testing-library/no-wait-for-side-effects": [
      "error",
    ],
    "testing-library/no-wait-for-snapshot": [
      "error",
    ],
    "testing-library/prefer-find-by": [
      "error",
    ],
    "testing-library/prefer-presence-queries": [
      "error",
    ],
    "testing-library/prefer-query-by-disappearance": [
      "error",
    ],
    "testing-library/prefer-screen-queries": [
      "error",
    ],
    "testing-library/render-result-naming-convention": [
      "error",
    ],
    "unicorn/empty-brace-spaces": [
      "off",
    ],
    "unicorn/no-nested-ternary": [
      "off",
    ],
    "unicorn/number-literal-case": [
      "off",
    ],
    "unicorn/template-indent": [
      0,
    ],
    "use-isnan": [
      "error",
    ],
    "valid-jsdoc": [
      "off",
      {
        "requireParamDescription": false,
        "requireParamType": true,
        "requireReturn": true,
        "requireReturnDescription": false,
        "requireReturnType": true,
      },
    ],
    "valid-typeof": [
      "error",
      {
        "requireStringLiterals": true,
      },
    ],
    "vars-on-top": [
      "error",
    ],
    "vue/array-bracket-newline": [
      "off",
    ],
    "vue/array-bracket-spacing": [
      "off",
    ],
    "vue/array-element-newline": [
      "off",
    ],
    "vue/arrow-spacing": [
      "off",
    ],
    "vue/block-spacing": [
      "off",
    ],
    "vue/block-tag-newline": [
      "off",
    ],
    "vue/brace-style": [
      "off",
    ],
    "vue/comma-dangle": [
      "off",
    ],
    "vue/comma-spacing": [
      "off",
    ],
    "vue/comma-style": [
      "off",
    ],
    "vue/dot-location": [
      "off",
    ],
    "vue/func-call-spacing": [
      "off",
    ],
    "vue/html-closing-bracket-newline": [
      "off",
    ],
    "vue/html-closing-bracket-spacing": [
      "off",
    ],
    "vue/html-end-tags": [
      "off",
    ],
    "vue/html-indent": [
      "off",
    ],
    "vue/html-quotes": [
      "off",
    ],
    "vue/html-self-closing": [
      0,
    ],
    "vue/key-spacing": [
      "off",
    ],
    "vue/keyword-spacing": [
      "off",
    ],
    "vue/max-attributes-per-line": [
      "off",
    ],
    "vue/max-len": [
      0,
    ],
    "vue/multiline-html-element-content-newline": [
      "off",
    ],
    "vue/multiline-ternary": [
      "off",
    ],
    "vue/mustache-interpolation-spacing": [
      "off",
    ],
    "vue/no-extra-parens": [
      "off",
    ],
    "vue/no-multi-spaces": [
      "off",
    ],
    "vue/no-spaces-around-equal-signs-in-attribute": [
      "off",
    ],
    "vue/object-curly-newline": [
      "off",
    ],
    "vue/object-curly-spacing": [
      "off",
    ],
    "vue/object-property-newline": [
      "off",
    ],
    "vue/operator-linebreak": [
      "off",
    ],
    "vue/quote-props": [
      "off",
    ],
    "vue/script-indent": [
      "off",
    ],
    "vue/singleline-html-element-content-newline": [
      "off",
    ],
    "vue/space-in-parens": [
      "off",
    ],
    "vue/space-infix-ops": [
      "off",
    ],
    "vue/space-unary-ops": [
      "off",
    ],
    "vue/template-curly-spacing": [
      "off",
    ],
    "wrap-iife": [
      "off",
    ],
    "wrap-regex": [
      "off",
    ],
    "yield-star-spacing": [
      "off",
    ],
    "yoda": [
      "error",
    ],
  },
  "settings": {
    "react": {
      "version": "detect",
    },
  },
}
`;
